[baseline-browser-mapping] The data in this module is over two months old.  To ensure accurate Baseline data, please update: `npm i baseline-browser-mapping@latest -D`
(node:9728) [DEP0040] DeprecationWarning: The `punycode` module is deprecated. Please use a userland alternative instead.
(Use `node --trace-deprecation ...` to show where the warning was created)
PASS tests/integration/shiprocketPickupFulfillment.test.js
  Seller Order Fulfillment Integration (Shiprocket Pickup)
    √ should fail to mark order as shipped if no pickup location is configured (391 ms)
    √ should succeed to mark as shipped if pickup location is assigned to seller (109 ms)
    √ should succeed to mark as shipped if platform default pickup is configured (100 ms)

Test Suites: 1 passed, 1 total
Tests:       3 passed, 3 total
Snapshots:   0 total
Time:        3.86 s
Ran all test suites matching backend/tests/integration/shiprocketPickupFulfillment.test.js.
